Archive member included to satisfy reference by file (symbol)

E:\Xzecutus\Desktop\GeoProject_Order66\Resources\Resources\COASolutions\ArduinoCore\Debug\libArduinoCore.a(HardwareSerial.o)
                              GeoCache.o (_ZN14HardwareSerial5beginEmh)
E:\Xzecutus\Desktop\GeoProject_Order66\Resources\Resources\COASolutions\ArduinoCore\Debug\libArduinoCore.a(HardwareSerial0.o)
                              GeoCache.o (Serial)
E:\Xzecutus\Desktop\GeoProject_Order66\Resources\Resources\COASolutions\ArduinoCore\Debug\libArduinoCore.a(Print.o)
                              E:\Xzecutus\Desktop\GeoProject_Order66\Resources\Resources\COASolutions\ArduinoCore\Debug\libArduinoCore.a(HardwareSerial.o) (_ZN5Print5writeEPKhj)
E:\Xzecutus\Desktop\GeoProject_Order66\Resources\Resources\COASolutions\ArduinoCore\Debug\libArduinoCore.a(wiring.o)
                              GeoCache.o (init)
E:\Xzecutus\Desktop\GeoProject_Order66\Resources\Resources\COASolutions\ArduinoCore\Debug\libArduinoCore.a(abi.o)
                              E:\Xzecutus\Desktop\GeoProject_Order66\Resources\Resources\COASolutions\ArduinoCore\Debug\libArduinoCore.a(HardwareSerial0.o) (__cxa_pure_virtual)
E:\Xzecutus\Desktop\GeoProject_Order66\Resources\Resources\COASolutions\ArduinoCore\Debug\libArduinoCore.a(hooks.o)
                              E:\Xzecutus\Desktop\GeoProject_Order66\Resources\Resources\COASolutions\ArduinoCore\Debug\libArduinoCore.a(wiring.o) (yield)
E:\Xzecutus\Desktop\GeoProject_Order66\Resources\Resources\COASolutions\SoftwareSerial\Debug\libSoftwareSerial.a(SoftwareSerial.o)
                              GeoCache.o (_ZN14SoftwareSerial4readEv)
